// Jest Snapshot v1, https://goo.gl/fbAQLP

exports[`<NotFoundPage /> should render and match the snapshot 1`] = `
<div
  class="CenteredDiv-sc-1lfv27o-0 gWyVzp"
>
  <h1>
    Oops! Page not found...
  </h1>
</div>
`;
