// Jest Snapshot v1, https://goo.gl/fbAQLP

exports[`<App /> should render and match the snapshot 1`] = `
<div>
  <Navigation />
  <Switch>
    <Route
      component={
        Object {
          "$$typeof": Symbol(react.memo),
          "WrappedComponent": Object {
            "$$typeof": Symbol(react.memo),
            "compare": null,
            "type": [Function],
          },
          "compare": null,
          "displayName": "Connect(Component)",
          "type": [Function],
        }
      }
      exact={true}
      path="/"
    />
    <Route
      component={
        Object {
          "$$typeof": Symbol(react.memo),
          "WrappedComponent": Object {
            "$$typeof": Symbol(react.memo),
            "compare": null,
            "type": [Function],
          },
          "compare": null,
          "displayName": "Connect(Component)",
          "type": [Function],
        }
      }
      exact={true}
      path="/new"
    />
    <Route
      component={[Function]}
    />
  </Switch>
  <GlobalStyleComponent />
</div>
`;
